../Drivers/CMSIS/Include/core_cm7.h:2147:34:__NVIC_SystemReset	1
../Core/Src/main.c:539:13:MX_NVIC_Init	1
../Core/Src/main.c:2045:6:netif_status_callbk_fn	1
../Core/Src/main.c:2937:6:Callback01	1
../Core/Src/main.c:2067:6:netif_link_callbk_fn	2
../Core/Src/main.c:2083:6:checkgps.part.0	7
../Core/Src/main.c:281:5:_write	6
../Core/Src/main.c:297:6:rtos_debug_timer_setup	1
../Core/Src/main.c:1966:6:crc_rom	2
../Core/Src/main.c:1985:6:err_leds	19
../Core/Src/main.c:2030:6:rebootme	0
../Core/Src/main.c:2083:6:checkgps	2
../Core/Src/main.c:2117:6:HAL_DAC_ConvCpltCallbackCh1	1
../Core/Src/main.c:2121:6:HAL_TIM_IC_CaptureCallback	6
../Core/Src/main.c:2170:6:getboardpcb	1
../Core/Src/main.c:2181:6:setupnotify	1
../Core/Src/main.c:2186:6:printaline	1
../Core/Src/main.c:2434:6:uart2_rxdone	1
../Core/Src/main.c:2441:6:pps_stopped	1
../Core/Src/main.c:2448:6:printstatus	3
../Core/Src/main.c:2475:6:StarLPTask	71
../Core/Src/main.c:2952:6:HAL_TIM_PeriodElapsedCallback	9
../Core/Src/main.c:3017:6:Error_Handler	1
../Core/Src/main.c:457:6:SystemClock_Config	3
../Core/Src/main.c:515:6:PeriphCommonClock_Config	1
../Core/Src/main.c:309:5:main	60
../Core/Src/main.c:2199:6:StartDefaultTask	8
../Core/Src/main.c:3034:6:assert_failed	1
